// Jest Snapshot v1, https://goo.gl/fbAQLP

exports[`Counter Component should match the snapshot 1`] = `
<h2>Contador</h2>
<p>100 <sup>2</sup> = 10000</p>
<p data-test-id="counter">100</p>
<div><button>+1</button><button>-1</button></div>
`;
