// Jest Snapshot v1, https://goo.gl/fbAQLP

exports[`Indecision component should match the snapshot 1`] = `
<!--v-if-->
<div class="bg-dark"></div>
<div class="indecision-container"><input type="text" placeholder="Hazme una pregunta">
  <p>Recuerda de terminar la pregunta con un signo de interrogaci√≥n (?)</p>
  <!--v-if-->
</div>
`;
